To honour the JVM settings for this build a single-use Daemon process will be forked. For more on this, please refer to https://docs.gradle.org/8.14.1/userguide/gradle_daemon.html#sec:disabling_the_daemon in the Gradle documentation.
Daemon will be stopped at the end of the build 
> Task :app:checkKotlinGradlePluginConfigurationErrors SKIPPED
> Task :app:preBuild UP-TO-DATE
> Task :app:preReleaseBuild UP-TO-DATE
> Task :app:checkReleaseAarMetadata
> Task :app:processReleaseNavigationResources
> Task :app:compileReleaseNavigationResources
> Task :app:generateReleaseResValues
> Task :app:mapReleaseSourceSetPaths
> Task :app:generateReleaseResources
> Task :app:createReleaseCompatibleScreenManifests
> Task :app:extractDeepLinksRelease
> Task :app:processReleaseMainManifest
> Task :app:processReleaseManifest
> Task :app:processReleaseManifestForPackage
> Task :app:mergeReleaseResources
> Task :app:packageReleaseResources
> Task :app:parseReleaseLocalResources
> Task :app:processReleaseResources
> Task :app:kspReleaseKotlin
> Task :app:compileReleaseKotlin
w: file:///home/user/Doubao/chats/1771240403778818/YueYing/app/src/main/kotlin/com/yueying/app/crash/CrashActivity.kt:111:39 'val Icons.Outlined.ExitToApp: ImageVector' is deprecated. Use the AutoMirrored version at Icons.AutoMirrored.Outlined.ExitToApp.
w: file:///home/user/Doubao/chats/1771240403778818/YueYing/app/src/main/kotlin/com/yueying/app/data/announcement/AnnouncementApi.kt:114:85 Java type mismatch: inferred type is 'kotlin.Nothing?', but 'kotlin.String' was expected.
w: file:///home/user/Doubao/chats/1771240403778818/YueYing/app/src/main/kotlin/com/yueying/app/data/announcement/AnnouncementApi.kt:115:94 Java type mismatch: inferred type is 'kotlin.Nothing?', but 'kotlin.String' was expected.
w: file:///home/user/Doubao/chats/1771240403778818/YueYing/app/src/main/kotlin/com/yueying/app/data/announcement/AnnouncementApi.kt:119:91 Java type mismatch: inferred type is 'kotlin.Nothing?', but 'kotlin.String' was expected.
w: file:///home/user/Doubao/chats/1771240403778818/YueYing/app/src/main/kotlin/com/yueying/app/data/announcement/AnnouncementApi.kt:125:62 Java type mismatch: inferred type is 'kotlin.Nothing?', but 'kotlin.String' was expected.
w: file:///home/user/Doubao/chats/1771240403778818/YueYing/app/src/main/kotlin/com/yueying/app/data/download/DownloadDebugLog.kt:286:35 'field versionCode: Int' is deprecated. Deprecated in Java.
w: file:///home/user/Doubao/chats/1771240403778818/YueYing/app/src/main/kotlin/com/yueying/app/data/download/DownloadManager.kt:994:54 This declaration needs opt-in. Its usage should be marked with '@kotlinx.coroutines.ExperimentalCoroutinesApi' or '@OptIn(kotlinx.coroutines.ExperimentalCoroutinesApi::class)'
w: file:///home/user/Doubao/chats/1771240403778818/YueYing/app/src/main/kotlin/com/yueying/app/ui/MainScreen.kt:793:40 'fun largeTopAppBarColors(containerColor: Color = ..., scrolledContainerColor: Color = ..., navigationIconContentColor: Color = ..., titleContentColor: Color = ..., actionIconContentColor: Color = ...): TopAppBarColors' is deprecated. Use topAppBarColors instead.
w: file:///home/user/Doubao/chats/1771240403778818/YueYing/app/src/main/kotlin/com/yueying/app/ui/resolve/ShareDetailScreen.kt:836:105 'val Icons.Outlined.InsertDriveFile: ImageVector' is deprecated. Use the AutoMirrored version at Icons.AutoMirrored.Outlined.InsertDriveFile.
w: file:///home/user/Doubao/chats/1771240403778818/YueYing/app/src/main/kotlin/com/yueying/app/ui/screens/AboutScreen.kt:103:32 'field versionCode: Int' is deprecated. Deprecated in Java.
w: file:///home/user/Doubao/chats/1771240403778818/YueYing/app/src/main/kotlin/com/yueying/app/ui/screens/AboutScreen.kt:543:46 'val Icons.Outlined.OpenInNew: ImageVector' is deprecated. Use the AutoMirrored version at Icons.AutoMirrored.Outlined.OpenInNew.
w: file:///home/user/Doubao/chats/1771240403778818/YueYing/app/src/main/kotlin/com/yueying/app/ui/screens/AboutScreen.kt:603:46 'val Icons.Outlined.OpenInNew: ImageVector' is deprecated. Use the AutoMirrored version at Icons.AutoMirrored.Outlined.OpenInNew.
w: file:///home/user/Doubao/chats/1771240403778818/YueYing/app/src/main/kotlin/com/yueying/app/ui/screens/BaiduAccountSheet.kt:267:50 'val Icons.Outlined.Logout: ImageVector' is deprecated. Use the AutoMirrored version at Icons.AutoMirrored.Outlined.Logout.
w: file:///home/user/Doubao/chats/1771240403778818/YueYing/app/src/main/kotlin/com/yueying/app/ui/screens/BaiduCloudScreen.kt:438:72 'val Icons.Outlined.DriveFileMove: ImageVector' is deprecated. Use the AutoMirrored version at Icons.AutoMirrored.Outlined.DriveFileMove.
w: file:///home/user/Doubao/chats/1771240403778818/YueYing/app/src/main/kotlin/com/yueying/app/ui/screens/BaiduCloudScreen.kt:641:74 'val Icons.Outlined.DriveFileMove: ImageVector' is deprecated. Use the AutoMirrored version at Icons.AutoMirrored.Outlined.DriveFileMove.
w: file:///home/user/Doubao/chats/1771240403778818/YueYing/app/src/main/kotlin/com/yueying/app/ui/screens/BaiduCloudScreen.kt:666:44 'val Icons.Outlined.DriveFileMove: ImageVector' is deprecated. Use the AutoMirrored version at Icons.AutoMirrored.Outlined.DriveFileMove.
w: file:///home/user/Doubao/chats/1771240403778818/YueYing/app/src/main/kotlin/com/yueying/app/ui/screens/BaiduCloudScreen.kt:827:37 'val Icons.Outlined.DriveFileMove: ImageVector' is deprecated. Use the AutoMirrored version at Icons.AutoMirrored.Outlined.DriveFileMove.
w: file:///home/user/Doubao/chats/1771240403778818/YueYing/app/src/main/kotlin/com/yueying/app/ui/screens/C139AccountSheet.kt:267:50 'val Icons.Outlined.Logout: ImageVector' is deprecated. Use the AutoMirrored version at Icons.AutoMirrored.Outlined.Logout.
w: file:///home/user/Doubao/chats/1771240403778818/YueYing/app/src/main/kotlin/com/yueying/app/ui/screens/C139CloudScreen.kt:417:72 'val Icons.Outlined.DriveFileMove: ImageVector' is deprecated. Use the AutoMirrored version at Icons.AutoMirrored.Outlined.DriveFileMove.
w: file:///home/user/Doubao/chats/1771240403778818/YueYing/app/src/main/kotlin/com/yueying/app/ui/screens/C139CloudScreen.kt:578:74 'val Icons.Outlined.DriveFileMove: ImageVector' is deprecated. Use the AutoMirrored version at Icons.AutoMirrored.Outlined.DriveFileMove.
w: file:///home/user/Doubao/chats/1771240403778818/YueYing/app/src/main/kotlin/com/yueying/app/ui/screens/C139CloudScreen.kt:603:43 'val Icons.Outlined.DriveFileMove: ImageVector' is deprecated. Use the AutoMirrored version at Icons.AutoMirrored.Outlined.DriveFileMove.
w: file:///home/user/Doubao/chats/1771240403778818/YueYing/app/src/main/kotlin/com/yueying/app/ui/screens/C139CloudScreen.kt:764:37 'val Icons.Outlined.DriveFileMove: ImageVector' is deprecated. Use the AutoMirrored version at Icons.AutoMirrored.Outlined.DriveFileMove.
w: file:///home/user/Doubao/chats/1771240403778818/YueYing/app/src/main/kotlin/com/yueying/app/ui/screens/CloudDriveScreen.kt:427:68 'val Icons.Outlined.DriveFileMove: ImageVector' is deprecated. Use the AutoMirrored version at Icons.AutoMirrored.Outlined.DriveFileMove.
w: file:///home/user/Doubao/chats/1771240403778818/YueYing/app/src/main/kotlin/com/yueying/app/ui/screens/CloudFileSheets.kt:430:35 'val Icons.Outlined.DriveFileMove: ImageVector' is deprecated. Use the AutoMirrored version at Icons.AutoMirrored.Outlined.DriveFileMove.
w: file:///home/user/Doubao/chats/1771240403778818/YueYing/app/src/main/kotlin/com/yueying/app/ui/screens/CloudFileSheets.kt:599:37 'val Icons.Outlined.DriveFileMove: ImageVector' is deprecated. Use the AutoMirrored version at Icons.AutoMirrored.Outlined.DriveFileMove.
w: file:///home/user/Doubao/chats/1771240403778818/YueYing/app/src/main/kotlin/com/yueying/app/ui/screens/CloudFileSheets.kt:650:17 'fun ButtonGroup(modifier: Modifier = ..., expandedRatio: Float = ..., horizontalArrangement: Arrangement.Horizontal = ..., content: @Composable() ComposableFunction1<ButtonGroupScope, Unit>): Unit' is deprecated. Please use the overload with overflowIndicator parameter. This overload will create a composable that is cut off if there are too many items to fit on the screen neatly.
w: file:///home/user/Doubao/chats/1771240403778818/YueYing/app/src/main/kotlin/com/yueying/app/ui/screens/CloudFileSheets.kt:1224:35 'val Icons.Outlined.DriveFileMove: ImageVector' is deprecated. Use the AutoMirrored version at Icons.AutoMirrored.Outlined.DriveFileMove.
w: file:///home/user/Doubao/chats/1771240403778818/YueYing/app/src/main/kotlin/com/yueying/app/ui/screens/DownloadDebugScreen.kt:289:58 'val Icons.Outlined.InsertDriveFile: ImageVector' is deprecated. Use the AutoMirrored version at Icons.AutoMirrored.Outlined.InsertDriveFile.
w: file:///home/user/Doubao/chats/1771240403778818/YueYing/app/src/main/kotlin/com/yueying/app/ui/screens/DownloadScreen.kt:698:58 'val Icons.Outlined.InsertDriveFile: ImageVector' is deprecated. Use the AutoMirrored version at Icons.AutoMirrored.Outlined.InsertDriveFile.
w: file:///home/user/Doubao/chats/1771240403778818/YueYing/app/src/main/kotlin/com/yueying/app/ui/screens/DownloadScreen.kt:755:44 'val Icons.Outlined.OpenInNew: ImageVector' is deprecated. Use the AutoMirrored version at Icons.AutoMirrored.Outlined.OpenInNew.
w: file:///home/user/Doubao/chats/1771240403778818/YueYing/app/src/main/kotlin/com/yueying/app/ui/screens/DownloadScreen.kt:899:58 'val Icons.Outlined.InsertDriveFile: ImageVector' is deprecated. Use the AutoMirrored version at Icons.AutoMirrored.Outlined.InsertDriveFile.
w: file:///home/user/Doubao/chats/1771240403778818/YueYing/app/src/main/kotlin/com/yueying/app/ui/screens/DownloadScreen.kt:946:49 'val Icons.Outlined.OpenInNew: ImageVector' is deprecated. Use the AutoMirrored version at Icons.AutoMirrored.Outlined.OpenInNew.
w: file:///home/user/Doubao/chats/1771240403778818/YueYing/app/src/main/kotlin/com/yueying/app/ui/screens/GuangYaAccountSheet.kt:242:37 'val Icons.Outlined.Logout: ImageVector' is deprecated. Use the AutoMirrored version at Icons.AutoMirrored.Outlined.Logout.
w: file:///home/user/Doubao/chats/1771240403778818/YueYing/app/src/main/kotlin/com/yueying/app/ui/screens/GuangYaCloudScreen.kt:388:72 'val Icons.Outlined.DriveFileMove: ImageVector' is deprecated. Use the AutoMirrored version at Icons.AutoMirrored.Outlined.DriveFileMove.
w: file:///home/user/Doubao/chats/1771240403778818/YueYing/app/src/main/kotlin/com/yueying/app/ui/screens/GuangYaCloudScreen.kt:591:33 'val Icons.Outlined.DriveFileMove: ImageVector' is deprecated. Use the AutoMirrored version at Icons.AutoMirrored.Outlined.DriveFileMove.
w: file:///home/user/Doubao/chats/1771240403778818/YueYing/app/src/main/kotlin/com/yueying/app/ui/screens/ILanzouAccountSheet.kt:242:37 'val Icons.Outlined.Logout: ImageVector' is deprecated. Use the AutoMirrored version at Icons.AutoMirrored.Outlined.Logout.
w: file:///home/user/Doubao/chats/1771240403778818/YueYing/app/src/main/kotlin/com/yueying/app/ui/screens/ILanzouCloudScreen.kt:381:72 'val Icons.Outlined.DriveFileMove: ImageVector' is deprecated. Use the AutoMirrored version at Icons.AutoMirrored.Outlined.DriveFileMove.
w: file:///home/user/Doubao/chats/1771240403778818/YueYing/app/src/main/kotlin/com/yueying/app/ui/screens/ILanzouCloudScreen.kt:577:33 'val Icons.Outlined.DriveFileMove: ImageVector' is deprecated. Use the AutoMirrored version at Icons.AutoMirrored.Outlined.DriveFileMove.
w: file:///home/user/Doubao/chats/1771240403778818/YueYing/app/src/main/kotlin/com/yueying/app/ui/screens/LanzouAccountSheet.kt:242:37 'val Icons.Outlined.Logout: ImageVector' is deprecated. Use the AutoMirrored version at Icons.AutoMirrored.Outlined.Logout.
w: file:///home/user/Doubao/chats/1771240403778818/YueYing/app/src/main/kotlin/com/yueying/app/ui/screens/LanzouCloudScreen.kt:385:72 'val Icons.Outlined.DriveFileMove: ImageVector' is deprecated. Use the AutoMirrored version at Icons.AutoMirrored.Outlined.DriveFileMove.
w: file:///home/user/Doubao/chats/1771240403778818/YueYing/app/src/main/kotlin/com/yueying/app/ui/screens/LanzouCloudScreen.kt:588:33 'val Icons.Outlined.DriveFileMove: ImageVector' is deprecated. Use the AutoMirrored version at Icons.AutoMirrored.Outlined.DriveFileMove.
w: file:///home/user/Doubao/chats/1771240403778818/YueYing/app/src/main/kotlin/com/yueying/app/ui/screens/OnboardingScreen.kt:349:46 'val Icons.Outlined.OpenInNew: ImageVector' is deprecated. Use the AutoMirrored version at Icons.AutoMirrored.Outlined.OpenInNew.
w: file:///home/user/Doubao/chats/1771240403778818/YueYing/app/src/main/kotlin/com/yueying/app/ui/screens/Pan115AccountSheet.kt:269:50 'val Icons.Outlined.Logout: ImageVector' is deprecated. Use the AutoMirrored version at Icons.AutoMirrored.Outlined.Logout.
w: file:///home/user/Doubao/chats/1771240403778818/YueYing/app/src/main/kotlin/com/yueying/app/ui/screens/Pan115CloudScreen.kt:435:72 'val Icons.Outlined.DriveFileMove: ImageVector' is deprecated. Use the AutoMirrored version at Icons.AutoMirrored.Outlined.DriveFileMove.
w: file:///home/user/Doubao/chats/1771240403778818/YueYing/app/src/main/kotlin/com/yueying/app/ui/screens/Pan115CloudScreen.kt:649:33 'val Icons.Outlined.DriveFileMove: ImageVector' is deprecated. Use the AutoMirrored version at Icons.AutoMirrored.Outlined.DriveFileMove.
w: file:///home/user/Doubao/chats/1771240403778818/YueYing/app/src/main/kotlin/com/yueying/app/ui/screens/Pan123AccountSheet.kt:265:50 'val Icons.Outlined.Logout: ImageVector' is deprecated. Use the AutoMirrored version at Icons.AutoMirrored.Outlined.Logout.
w: file:///home/user/Doubao/chats/1771240403778818/YueYing/app/src/main/kotlin/com/yueying/app/ui/screens/Pan123CloudScreen.kt:417:72 'val Icons.Outlined.DriveFileMove: ImageVector' is deprecated. Use the AutoMirrored version at Icons.AutoMirrored.Outlined.DriveFileMove.
w: file:///home/user/Doubao/chats/1771240403778818/YueYing/app/src/main/kotlin/com/yueying/app/ui/screens/Pan123CloudScreen.kt:578:74 'val Icons.Outlined.DriveFileMove: ImageVector' is deprecated. Use the AutoMirrored version at Icons.AutoMirrored.Outlined.DriveFileMove.
w: file:///home/user/Doubao/chats/1771240403778818/YueYing/app/src/main/kotlin/com/yueying/app/ui/screens/Pan123CloudScreen.kt:603:45 'val Icons.Outlined.DriveFileMove: ImageVector' is deprecated. Use the AutoMirrored version at Icons.AutoMirrored.Outlined.DriveFileMove.
w: file:///home/user/Doubao/chats/1771240403778818/YueYing/app/src/main/kotlin/com/yueying/app/ui/screens/Pan123CloudScreen.kt:763:37 'val Icons.Outlined.DriveFileMove: ImageVector' is deprecated. Use the AutoMirrored version at Icons.AutoMirrored.Outlined.DriveFileMove.
w: file:///home/user/Doubao/chats/1771240403778818/YueYing/app/src/main/kotlin/com/yueying/app/ui/screens/QuarkAccountSheet.kt:268:50 'val Icons.Outlined.Logout: ImageVector' is deprecated. Use the AutoMirrored version at Icons.AutoMirrored.Outlined.Logout.
w: file:///home/user/Doubao/chats/1771240403778818/YueYing/app/src/main/kotlin/com/yueying/app/ui/screens/ResolveScreen.kt:661:54 'val Icons.Outlined.AddToHomeScreen: ImageVector' is deprecated. Use the AutoMirrored version at Icons.AutoMirrored.Outlined.AddToHomeScreen.
w: file:///home/user/Doubao/chats/1771240403778818/YueYing/app/src/main/kotlin/com/yueying/app/ui/screens/SettingsScreen.kt:444:35 'val Icons.Outlined.Article: ImageVector' is deprecated. Use the AutoMirrored version at Icons.AutoMirrored.Outlined.Article.
w: file:///home/user/Doubao/chats/1771240403778818/YueYing/app/src/main/kotlin/com/yueying/app/ui/screens/UCAccountSheet.kt:139:37 'val Icons.Outlined.Logout: ImageVector' is deprecated. Use the AutoMirrored version at Icons.AutoMirrored.Outlined.Logout.
w: file:///home/user/Doubao/chats/1771240403778818/YueYing/app/src/main/kotlin/com/yueying/app/ui/screens/UCCoudScreen.kt:421:68 'val Icons.Outlined.DriveFileMove: ImageVector' is deprecated. Use the AutoMirrored version at Icons.AutoMirrored.Outlined.DriveFileMove.
w: file:///home/user/Doubao/chats/1771240403778818/YueYing/app/src/main/kotlin/com/yueying/app/ui/screens/UCCoudScreen.kt:587:74 'val Icons.Outlined.DriveFileMove: ImageVector' is deprecated. Use the AutoMirrored version at Icons.AutoMirrored.Outlined.DriveFileMove.
w: file:///home/user/Doubao/chats/1771240403778818/YueYing/app/src/main/kotlin/com/yueying/app/ui/screens/UCCoudScreen.kt:612:41 'val Icons.Outlined.DriveFileMove: ImageVector' is deprecated. Use the AutoMirrored version at Icons.AutoMirrored.Outlined.DriveFileMove.
w: file:///home/user/Doubao/chats/1771240403778818/YueYing/app/src/main/kotlin/com/yueying/app/ui/screens/UCCoudScreen.kt:775:37 'val Icons.Outlined.DriveFileMove: ImageVector' is deprecated. Use the AutoMirrored version at Icons.AutoMirrored.Outlined.DriveFileMove.
w: file:///home/user/Doubao/chats/1771240403778818/YueYing/app/src/main/kotlin/com/yueying/app/ui/screens/XunleiAccountSheet.kt:105:37 'val Icons.Outlined.Logout: ImageVector' is deprecated. Use the AutoMirrored version at Icons.AutoMirrored.Outlined.Logout.
w: file:///home/user/Doubao/chats/1771240403778818/YueYing/app/src/main/kotlin/com/yueying/app/ui/screens/XunleiCloudScreen.kt:417:72 'val Icons.Outlined.DriveFileMove: ImageVector' is deprecated. Use the AutoMirrored version at Icons.AutoMirrored.Outlined.DriveFileMove.
w: file:///home/user/Doubao/chats/1771240403778818/YueYing/app/src/main/kotlin/com/yueying/app/ui/screens/XunleiCloudScreen.kt:578:74 'val Icons.Outlined.DriveFileMove: ImageVector' is deprecated. Use the AutoMirrored version at Icons.AutoMirrored.Outlined.DriveFileMove.
w: file:///home/user/Doubao/chats/1771240403778818/YueYing/app/src/main/kotlin/com/yueying/app/ui/screens/XunleiCloudScreen.kt:603:45 'val Icons.Outlined.DriveFileMove: ImageVector' is deprecated. Use the AutoMirrored version at Icons.AutoMirrored.Outlined.DriveFileMove.
w: file:///home/user/Doubao/chats/1771240403778818/YueYing/app/src/main/kotlin/com/yueying/app/ui/screens/XunleiCloudScreen.kt:764:37 'val Icons.Outlined.DriveFileMove: ImageVector' is deprecated. Use the AutoMirrored version at Icons.AutoMirrored.Outlined.DriveFileMove.
w: file:///home/user/Doubao/chats/1771240403778818/YueYing/app/src/main/kotlin/com/yueying/app/ui/viewmodel/ResolveViewModel.kt:1225:33 Condition is always 'true'.
w: file:///home/user/Doubao/chats/1771240403778818/YueYing/app/src/main/kotlin/com/yueying/app/util/ArchiveProbe.kt:96:30 'fun entries(): Enumeration<String!>!' is deprecated. Deprecated in Java.
w: file:///home/user/Doubao/chats/1771240403778818/YueYing/app/src/main/kotlin/com/yueying/app/util/ArchiveProbe.kt:104:16 'fun close(): Unit' is deprecated. Deprecated in Java.
w: file:///home/user/Doubao/chats/1771240403778818/YueYing/app/src/main/kotlin/com/yueying/app/util/LogExporter.kt:100:57 'field versionCode: Int' is deprecated. Deprecated in Java.
w: Detected multiple Kotlin daemon sessions at 

BUILD SUCCESSFUL in 3m 44s
17 actionable tasks: 17 executed
